    Checking mirror v1.0.0 (/git/github.com/LiGoldragon/mirror)
error[E0432]: unresolved imports `meta_signal_mirror::ConfigurationArchiveError`, `meta_signal_mirror::z2VXab`
  --> src/config.rs:12:26
   |
12 | use meta_signal_mirror::{ConfigurationArchiveError, z2VXab};
   |                          ^^^^^^^^^^^^^^^^^^^^^^^^^  ^^^^^^ no `z2VXab` in the root
   |                          |
   |                          no `ConfigurationArchiveError` in the root
   |
help: a similar name exists in the module
   |
12 - use meta_signal_mirror::{ConfigurationArchiveError, z2VXab};
12 + use meta_signal_mirror::{ConfigurationArchivePath, z2VXab};
   |

error[E0432]: unresolved imports `meta_signal_mirror::z2VUH6`, `meta_signal_mirror::z2VWt5`
  --> src/service.rs:21:26
   |
21 | use meta_signal_mirror::{z2VUH6 as MetaOutput, z2VWt5 as MetaInput};
   |                          ^^^^^^^^^^^^^^^^^^^^  ^^^^^^^^^^^^^^^^^^^ no `z2VWt5` in the root
   |                          |
   |                          no `z2VUH6` in the root

error[E0432]: unresolved imports `signal_mirror::z2VTqL`, `signal_mirror::z2VVny`
  --> src/service.rs:22:21
   |
22 | use signal_mirror::{z2VTqL as WorkingOutput, z2VVny as WorkingInput};
   |                     ^^^^^^^^^^^^^^^^^^^^^^^  ^^^^^^^^^^^^^^^^^^^^^^ no `z2VVny` in the root
   |                     |
   |                     no `z2VTqL` in the root

error[E0432]: unresolved imports `signal_mirror::z2VLxP`, `signal_mirror::z2VPuU`, `signal_mirror::z2VSAK`, `signal_mirror::z2VTXE`, `signal_mirror::z2VTq5`, `signal_mirror::z2VTqL`, `signal_mirror::z2VUKn`, `signal_mirror::z2VUwg`, `signal_mirror::z2VUxk`, `signal_mirror::z2VVny`, `signal_mirror::z2VcqM`, `signal_mirror::z2Ve8p`
  --> src/shipper.rs:13:5
   |
13 |     z2VLxP, z2VPuU, z2VSAK, z2VTXE, z2VTq5, z2VTqL, z2VUKn, z2VUwg, z2VUxk, z2VVny, z2VcqM, z2Ve8p,
   |     ^^^^^^  ^^^^^^  ^^^^^^  ^^^^^^  ^^^^^^  ^^^^^^  ^^^^^^  ^^^^^^  ^^^^^^  ^^^^^^  ^^^^^^  ^^^^^^
   |     |       |       |       |       |       |       |       |       |       |
   |     |       |       |       |       |       |       |       |       |       no `z2VVny` in the root
   |     |       |       |       |       |       |       |       |       no `z2VUxk` in the root
   |     |       |       |       |       |       |       |       no `z2VUwg` in the root
   |     |       |       |       |       |       |       no `z2VUKn` in the root
   |     |       |       |       |       |       no `z2VTqL` in the root
   |     |       |       |       |       no `z2VTq5` in the root
   |     |       |       |       no `z2VTXE` in the root
   |     |       |       no `z2VSAK` in the root
   |     |       no `z2VPuU` in the root
   |     no `z2VLxP` in the root

error[E0432]: unresolved import `signal_standard::z2VSyM`
  --> src/shipper.rs:15:5
   |
15 | use signal_standard::z2VSyM;
   |     ^^^^^^^^^^^^^^^^^^^^^^^ no `z2VSyM` in the root

error[E0433]: cannot find `ContractMarker` in `signal_mirror`
  --> src/daemon.rs:52:28
   |
52 |             signal_mirror::ContractMarker::decode_single_request(&body.into_bytes())?;
   |                            ^^^^^^^^^^^^^^ could not find `ContractMarker` in `signal_mirror`

error[E0433]: cannot find `ContractMarker` in `meta_signal_mirror`
  --> src/daemon.rs:76:33
   |
76 |             meta_signal_mirror::ContractMarker::decode_single_request(&body.into_bytes())?;
   |                                 ^^^^^^^^^^^^^^ could not find `ContractMarker` in `meta_signal_mirror`

error[E0433]: cannot find `ContractMarker` in `signal_mirror`
   --> src/service.rs:307:28
    |
307 |             signal_mirror::ContractMarker::decode_single_request(&body.into_bytes())?;
    |                            ^^^^^^^^^^^^^^ could not find `ContractMarker` in `signal_mirror`

error[E0433]: cannot find `ContractMarker` in `signal_mirror`
  --> src/shipper.rs:54:30
   |
54 |         match signal_mirror::ContractMarker::decode_frame(&reply.into_bytes())?.into_body() {
   |                              ^^^^^^^^^^^^^^ could not find `ContractMarker` in `signal_mirror`

error[E0433]: cannot find `FrameBody` in `signal_mirror`
  --> src/shipper.rs:55:28
   |
55 |             signal_mirror::FrameBody::Reply { reply, .. } => match reply {
   |                            ^^^^^^^^^ could not find `FrameBody` in `signal_mirror`

error[E0425]: cannot find type `SocketModeRangeError` in crate `meta_signal_mirror`
   --> src/config.rs:104:44
    |
104 |     SocketMode(#[from] meta_signal_mirror::SocketModeRangeError),
    |                                            ^^^^^^^^^^^^^^^^^^^^ not found in `meta_signal_mirror`

error[E0425]: cannot find type `SignalFrameError` in crate `signal_mirror`
  --> src/error.rs:33:40
   |
33 |     OrdinarySignalFrame(signal_mirror::SignalFrameError),
   |                                        ^^^^^^^^^^^^^^^^ not found in `signal_mirror`

error[E0425]: cannot find type `SignalFrameError` in crate `meta_signal_mirror`
  --> src/error.rs:36:41
   |
36 |     MetaSignalFrame(meta_signal_mirror::SignalFrameError),
   |                                         ^^^^^^^^^^^^^^^^ not found in `meta_signal_mirror`

error[E0425]: cannot find type `OctetRangeError` in crate `signal_mirror`
  --> src/error.rs:39:34
   |
39 |     Octet(#[from] signal_mirror::OctetRangeError),
   |                                  ^^^^^^^^^^^^^^^ not found in `signal_mirror`

error[E0425]: cannot find type `z2VcyE` in crate `signal_mirror`
  --> src/error.rs:64:32
   |
64 |         reason: signal_mirror::z2VcyE,
   |                                ^^^^^^ not found in `signal_mirror`

error[E0425]: cannot find type `z2VcqM` in crate `signal_mirror`
  --> src/error.rs:65:37
   |
65 |         head: Option<signal_mirror::z2VcqM>,
   |                                     ^^^^^^ not found in `signal_mirror`

error[E0425]: cannot find type `z2Vcs2` in crate `signal_mirror`
  --> src/error.rs:69:52
   |
69 |     MirrorPublishRejected { reason: signal_mirror::z2Vcs2 },
   |                                                    ^^^^^^ not found in `signal_mirror`

error[E0425]: cannot find type `SignalFrameError` in crate `signal_mirror`
   --> src/error.rs:102:26
    |
102 | impl From<signal_mirror::SignalFrameError> for Error {
    |                          ^^^^^^^^^^^^^^^^ not found in `signal_mirror`

error[E0425]: cannot find type `SignalFrameError` in crate `signal_mirror`
   --> src/error.rs:103:35
    |
103 |     fn from(error: signal_mirror::SignalFrameError) -> Self {
    |                                   ^^^^^^^^^^^^^^^^ not found in `signal_mirror`

error[E0425]: cannot find type `SignalFrameError` in crate `meta_signal_mirror`
   --> src/error.rs:108:31
    |
108 | impl From<meta_signal_mirror::SignalFrameError> for Error {
    |                               ^^^^^^^^^^^^^^^^ not found in `meta_signal_mirror`

error[E0425]: cannot find type `SignalFrameError` in crate `meta_signal_mirror`
   --> src/error.rs:109:40
    |
109 |     fn from(error: meta_signal_mirror::SignalFrameError) -> Self {
    |                                        ^^^^^^^^^^^^^^^^ not found in `meta_signal_mirror`

error[E0425]: cannot find type `z2VSyM` in crate `signal_standard`
  --> src/readback.rs:63:58
   |
63 |     pub fn addresses_to(&self, digest: &signal_standard::z2VSyM) -> bool {
   |                                                          ^^^^^^ not found in `signal_standard`

warning: unused import: `RetentionReceipt`
 --> src/engine.rs:9:21
  |
9 |     RetentionOrder, RetentionReceipt, StoreRegistration,
  |                     ^^^^^^^^^^^^^^^^
  |
  = note: `-W unused-imports` implied by `-W unused`
  = help: to override `-W unused` add `#[allow(unused_imports)]`

warning: unused imports: `ArtifactBytes`, `CheckpointSequence`, `CommitSequence`, and `PayloadBytes`
  --> src/store.rs:13:20
   |
13 |     AppendReceipt, ArtifactBytes, CheckpointArtifact, CheckpointReceipt, CheckpointSequence,
   |                    ^^^^^^^^^^^^^                                         ^^^^^^^^^^^^^^^^^^
14 |     CommitSequence, EntryEnvelope, EntrySuffix, HeadListing, HeadMark, HeadQuery, ObjectNotice,
   |     ^^^^^^^^^^^^^^
15 |     PayloadBytes, RestoreBundle, RestoreQuery, RestoreRejection, RestoreRejectionReason, StoreHead,
   |     ^^^^^^^^^^^^

warning: unused import: `signal_standard::ObjectDigest`
  --> src/store.rs:18:5
   |
18 | use signal_standard::ObjectDigest;
   |     ^^^^^^^^^^^^^^^^^^^^^^^^^^^^^

error[E0277]: the trait bound `NovelSuffix: Eq` is not satisfied
   --> src/decision.rs:21:12
    |
 19 | #[derive(Clone, Debug, PartialEq, Eq)]
    |                                   -- in this derive macro expansion
 20 | pub enum AppendDecision {
 21 |     Accept(NovelSuffix),
    |            ^^^^^^^^^^^ unsatisfied trait bound
    |
help: the trait `Eq` is not implemented for `NovelSuffix`
   --> src/ledger.rs:13:1
    |
 13 | pub struct NovelSuffix {
    | ^^^^^^^^^^^^^^^^^^^^^^
note: required by a bound in `std::cmp::AssertParamIsEq`
   --> /nix/store/33jgdx2kaiiyfkk9f9wv6l1lyb3hj8c5-rust-minimal-1.96.0/lib/rustlib/src/rust/library/core/src/cmp.rs:379:31
    |
379 | pub struct AssertParamIsEq<T: Eq + PointeeSized> {
    |                               ^^ required by this bound in `AssertParamIsEq`

error[E0277]: the trait bound `AppendReceipt: Eq` is not satisfied
   --> src/decision.rs:22:15
    |
 19 | #[derive(Clone, Debug, PartialEq, Eq)]
    |                                   -- in this derive macro expansion
...
 22 |     Duplicate(AppendReceipt),
    |               ^^^^^^^^^^^^^ the trait `Eq` is not implemented for `AppendReceipt`
    |
note: required by a bound in `std::cmp::AssertParamIsEq`
   --> /nix/store/33jgdx2kaiiyfkk9f9wv6l1lyb3hj8c5-rust-minimal-1.96.0/lib/rustlib/src/rust/library/core/src/cmp.rs:379:31
    |
379 | pub struct AssertParamIsEq<T: Eq + PointeeSized> {
    |                               ^^ required by this bound in `AssertParamIsEq`

error[E0277]: the trait bound `AppendRejection: Eq` is not satisfied
   --> src/decision.rs:23:12
    |
 19 | #[derive(Clone, Debug, PartialEq, Eq)]
    |                                   -- in this derive macro expansion
...
 23 |     Refuse(AppendRejection),
    |            ^^^^^^^^^^^^^^^ the trait `Eq` is not implemented for `AppendRejection`
    |
note: required by a bound in `std::cmp::AssertParamIsEq`
   --> /nix/store/33jgdx2kaiiyfkk9f9wv6l1lyb3hj8c5-rust-minimal-1.96.0/lib/rustlib/src/rust/library/core/src/cmp.rs:379:31
    |
379 | pub struct AssertParamIsEq<T: Eq + PointeeSized> {
    |                               ^^ required by this bound in `AssertParamIsEq`

error[E0277]: the trait bound `CheckpointArtifact: Eq` is not satisfied
   --> src/decision.rs:28:12
    |
 26 | #[derive(Clone, Debug, PartialEq, Eq)]
    |                                   -- in this derive macro expansion
 27 | pub enum CheckpointDecision {
 28 |     Accept(CheckpointArtifact),
    |            ^^^^^^^^^^^^^^^^^^ the trait `Eq` is not implemented for `CheckpointArtifact`
    |
note: required by a bound in `std::cmp::AssertParamIsEq`
   --> /nix/store/33jgdx2kaiiyfkk9f9wv6l1lyb3hj8c5-rust-minimal-1.96.0/lib/rustlib/src/rust/library/core/src/cmp.rs:379:31
    |
379 | pub struct AssertParamIsEq<T: Eq + PointeeSized> {
    |                               ^^ required by this bound in `AssertParamIsEq`

error[E0277]: the trait bound `signal_mirror::CheckpointReceipt: Eq` is not satisfied
   --> src/decision.rs:29:15
    |
 26 | #[derive(Clone, Debug, PartialEq, Eq)]
    |                                   -- in this derive macro expansion
...
 29 |     Duplicate(CheckpointReceipt),
    |               ^^^^^^^^^^^^^^^^^ the trait `Eq` is not implemented for `signal_mirror::CheckpointReceipt`
    |
note: required by a bound in `std::cmp::AssertParamIsEq`
   --> /nix/store/33jgdx2kaiiyfkk9f9wv6l1lyb3hj8c5-rust-minimal-1.96.0/lib/rustlib/src/rust/library/core/src/cmp.rs:379:31
    |
379 | pub struct AssertParamIsEq<T: Eq + PointeeSized> {
    |                               ^^ required by this bound in `AssertParamIsEq`

error[E0277]: the trait bound `PublishRejection: Eq` is not satisfied
   --> src/decision.rs:30:12
    |
 26 | #[derive(Clone, Debug, PartialEq, Eq)]
    |                                   -- in this derive macro expansion
...
 30 |     Refuse(PublishRejection),
    |            ^^^^^^^^^^^^^^^^ the trait `Eq` is not implemented for `PublishRejection`
    |
note: required by a bound in `std::cmp::AssertParamIsEq`
   --> /nix/store/33jgdx2kaiiyfkk9f9wv6l1lyb3hj8c5-rust-minimal-1.96.0/lib/rustlib/src/rust/library/core/src/cmp.rs:379:31
    |
379 | pub struct AssertParamIsEq<T: Eq + PointeeSized> {
    |                               ^^ required by this bound in `AssertParamIsEq`

error[E0277]: the trait bound `ObjectNoticeReceipt: Eq` is not satisfied
   --> src/decision.rs:35:12
    |
 33 | #[derive(Clone, Debug, PartialEq, Eq)]
    |                                   -- in this derive macro expansion
 34 | pub enum ObjectNoticeDecision {
 35 |     Accept(ObjectNoticeReceipt),
    |            ^^^^^^^^^^^^^^^^^^^ the trait `Eq` is not implemented for `ObjectNoticeReceipt`
    |
note: required by a bound in `std::cmp::AssertParamIsEq`
   --> /nix/store/33jgdx2kaiiyfkk9f9wv6l1lyb3hj8c5-rust-minimal-1.96.0/lib/rustlib/src/rust/library/core/src/cmp.rs:379:31
    |
379 | pub struct AssertParamIsEq<T: Eq + PointeeSized> {
    |                               ^^ required by this bound in `AssertParamIsEq`

error[E0277]: the trait bound `ObjectNoticeRejection: Eq` is not satisfied
   --> src/decision.rs:36:12
    |
 33 | #[derive(Clone, Debug, PartialEq, Eq)]
    |                                   -- in this derive macro expansion
...
 36 |     Refuse(ObjectNoticeRejection),
    |            ^^^^^^^^^^^^^^^^^^^^^ the trait `Eq` is not implemented for `ObjectNoticeRejection`
    |
note: required by a bound in `std::cmp::AssertParamIsEq`
   --> /nix/store/33jgdx2kaiiyfkk9f9wv6l1lyb3hj8c5-rust-minimal-1.96.0/lib/rustlib/src/rust/library/core/src/cmp.rs:379:31
    |
379 | pub struct AssertParamIsEq<T: Eq + PointeeSized> {
    |                               ^^ required by this bound in `AssertParamIsEq`

error[E0560]: struct `HeadMark` has no field named `store_name`
  --> src/decision.rs:93:13
   |
93 |             store_name: last.commit_sequence.clone(),
   |             ^^^^^^^^^^ `HeadMark` does not have this field
   |
   = note: available fields are: `commit_sequence`, `object_digest`

error[E0560]: struct `HeadMark` has no field named `field_1`
  --> src/decision.rs:94:13
   |
94 |             field_1: last.object_digest.clone(),
   |             ^^^^^^^ `HeadMark` does not have this field
   |
   = note: available fields are: `commit_sequence`, `object_digest`

error[E0614]: type `i64` cannot be dereferenced
  --> src/decision.rs:98:49
   |
98 |             .filter(|entry| ledger.known_digest(*entry.commit_sequence).is_none())
   |                                                 ^^^^^^^^^^^^^^^^^^^^^^ can't be dereferenced

error[E0614]: type `i64` cannot be dereferenced
   --> src/decision.rs:100:32
    |
100 |         if novel.is_empty() && *suffix_end.commit_sequence <= ledger.head_sequence() {
    |                                ^^^^^^^^^^^^^^^^^^^^^^^^^^^ can't be dereferenced

error[E0560]: struct `AppendReceipt` has no field named `field_1`
   --> src/decision.rs:110:17
    |
110 |                 field_1: head,
    |                 ^^^^^^^ `AppendReceipt` does not have this field
    |
    = note: available fields are: `head_mark`

error[E0614]: type `i64` cannot be dereferenced
   --> src/decision.rs:131:38
    |
131 |         self.head().map_or(0, |head| *head.commit_sequence)
    |                                      ^^^^^^^^^^^^^^^^^^^^^ can't be dereferenced

error[E0614]: type `i64` cannot be dereferenced
   --> src/decision.rs:142:16
    |
142 |             if *next.commit_sequence != *previous.commit_sequence + 1 {
    |                ^^^^^^^^^^^^^^^^^^^^^ can't be dereferenced

error[E0614]: type `i64` cannot be dereferenced
   --> src/decision.rs:142:41
    |
142 |             if *next.commit_sequence != *previous.commit_sequence + 1 {
    |                                         ^^^^^^^^^^^^^^^^^^^^^^^^^ can't be dereferenced

error[E0614]: type `i64` cannot be dereferenced
   --> src/decision.rs:158:30
    |
158 |         let first_sequence = *first.commit_sequence;
    |                              ^^^^^^^^^^^^^^^^^^^^^^ can't be dereferenced

error[E0614]: type `i64` cannot be dereferenced
   --> src/decision.rs:165:37
    |
165 |                 let mark_sequence = *mark.commit_sequence;
    |                                     ^^^^^^^^^^^^^^^^^^^^^ can't be dereferenced

error[E0614]: type `i64` cannot be dereferenced
   --> src/decision.rs:184:28
    |
184 |             let sequence = *entry.commit_sequence;
    |                            ^^^^^^^^^^^^^^^^^^^^^^ can't be dereferenced

error[E0609]: no field `field_2` on type `&&EntryEnvelope`
   --> src/decision.rs:212:75
    |
212 | ...                   !LandedBody::new(&octets).addresses_to(&entry.field_2)
    |                                                                     ^^^^^^^ unknown field
    |
    = note: available fields are: `commit_sequence`, `object_digest_option`, `object_digest`, `payload_bytes`

error[E0614]: type `i64` cannot be dereferenced
   --> src/decision.rs:235:39
    |
235 |                 let latest_sequence = *latest.checkpoint_sequence;
    |                                       ^^^^^^^^^^^^^^^^^^^^^^^^^^^ can't be dereferenced

error[E0614]: type `i64` cannot be dereferenced
   --> src/decision.rs:236:41
    |
236 |                 let artifact_sequence = *artifact.checkpoint_sequence;
    |                                         ^^^^^^^^^^^^^^^^^^^^^^^^^^^^^ can't be dereferenced

error[E0308]: mismatched types
   --> src/decision.rs:240:58
    |
240 |                     return CheckpointDecision::Duplicate(latest.clone());
    |                            ----------------------------- ^^^^^^^^^^^^^^ expected `CheckpointReceipt`, found `CheckpointArtifact`
    |                            |
    |                            arguments to this enum variant are incorrect
    |
note: tuple variant defined here
   --> src/decision.rs:29:5
    |
 29 |     Duplicate(CheckpointReceipt),
    |     ^^^^^^^^^

error[E0599]: no method named `payload` found for type `i64` in the current scope
   --> src/decision.rs:243:50
    |
243 |                     || *artifact.commit_sequence.payload() < *latest.commit_sequence.payload()
    |                                                  ^^^^^^^ method not found in `i64`

error[E0599]: no method named `payload` found for type `i64` in the current scope
   --> src/decision.rs:243:86
    |
243 |                     || *artifact.commit_sequence.payload() < *latest.commit_sequence.payload()
    |                                                                                      ^^^^^^^ method not found in `i64`

error[E0560]: struct `ObjectNoticeReceipt` has no field named `field_1`
   --> src/decision.rs:272:17
    |
272 |                 field_1: notice.head_mark,
    |                 ^^^^^^^ `ObjectNoticeReceipt` does not have this field
    |
    = note: available fields are: `head_mark`

error[E0614]: type `i64` cannot be dereferenced
   --> src/decision.rs:286:31
    |
286 |             known.sequence == *head.commit_sequence && known.digest == head.object_digest.as_str()
    |                               ^^^^^^^^^^^^^^^^^^^^^ can't be dereferenced

error[E0560]: struct `String` has no field named `fault_detail`
   --> src/engine.rs:187:13
    |
187 |             fault_detail: error.to_string(),
    |             ^^^^^^^^^^^^ `String` does not have this field
    |
    = note: all struct fields are already assigned

error[E0560]: struct `RestoreBundle` has no field named `field_0`
   --> src/store.rs:468:13
    |
468 |             field_0: store.clone(),
    |             ^^^^^^^ `RestoreBundle` does not have this field
    |
    = note: available fields are: `store_name`, `checkpoint_artifact`, `entry_envelope_vector`

error[E0560]: struct `RestoreBundle` has no field named `field_1`
   --> src/store.rs:469:13
    |
469 |             field_1: checkpoint.to_artifact(),
    |             ^^^^^^^ `RestoreBundle` does not have this field
    |
    = note: available fields are: `store_name`, `checkpoint_artifact`, `entry_envelope_vector`

error[E0560]: struct `RestoreBundle` has no field named `field_2`
   --> src/store.rs:470:13
    |
470 |             field_2: suffix,
    |             ^^^^^^^ `RestoreBundle` does not have this field
    |
    = note: available fields are: `store_name`, `checkpoint_artifact`, `entry_envelope_vector`

Some errors have detailed explanations: E0277, E0308, E0425, E0432, E0433, E0560, E0599, E0609, E0614.
For more information about an error, try `rustc --explain E0277`.
warning: `mirror` (lib) generated 3 warnings
error: could not compile `mirror` (lib) due to 53 previous errors; 3 warnings emitted
