    Checking mirror v1.0.0 (/git/github.com/LiGoldragon/mirror)
error[E0432]: unresolved imports `meta_signal_mirror::ConfigurationArchiveError`, `meta_signal_mirror::z2VXab`
  --> src/config.rs:12:26
   |
12 | use meta_signal_mirror::{ConfigurationArchiveError, z2VXab};
   |                          ^^^^^^^^^^^^^^^^^^^^^^^^^  ^^^^^^ no `z2VXab` in the root
   |                          |
   |                          no `ConfigurationArchiveError` in the root
   |
help: a similar name exists in the module
   |
12 - use meta_signal_mirror::{ConfigurationArchiveError, z2VXab};
12 + use meta_signal_mirror::{ConfigurationArchivePath, z2VXab};
   |

error[E0432]: unresolved imports `meta_signal_mirror::z2VUH6`, `meta_signal_mirror::z2VWt5`
  --> src/service.rs:21:26
   |
21 | use meta_signal_mirror::{z2VUH6 as MetaOutput, z2VWt5 as MetaInput};
   |                          ^^^^^^^^^^^^^^^^^^^^  ^^^^^^^^^^^^^^^^^^^ no `z2VWt5` in the root
   |                          |
   |                          no `z2VUH6` in the root

error[E0432]: unresolved imports `signal_mirror::z2VTqL`, `signal_mirror::z2VVny`
  --> src/service.rs:22:21
   |
22 | use signal_mirror::{z2VTqL as WorkingOutput, z2VVny as WorkingInput};
   |                     ^^^^^^^^^^^^^^^^^^^^^^^  ^^^^^^^^^^^^^^^^^^^^^^ no `z2VVny` in the root
   |                     |
   |                     no `z2VTqL` in the root

error[E0432]: unresolved imports `signal_mirror::z2VLxP`, `signal_mirror::z2VPuU`, `signal_mirror::z2VSAK`, `signal_mirror::z2VTXE`, `signal_mirror::z2VTq5`, `signal_mirror::z2VTqL`, `signal_mirror::z2VUKn`, `signal_mirror::z2VUwg`, `signal_mirror::z2VUxk`, `signal_mirror::z2VVny`, `signal_mirror::z2VcqM`, `signal_mirror::z2Ve8p`
  --> src/shipper.rs:13:5
   |
13 |     z2VLxP, z2VPuU, z2VSAK, z2VTXE, z2VTq5, z2VTqL, z2VUKn, z2VUwg, z2VUxk, z2VVny, z2VcqM, z2Ve8p,
   |     ^^^^^^  ^^^^^^  ^^^^^^  ^^^^^^  ^^^^^^  ^^^^^^  ^^^^^^  ^^^^^^  ^^^^^^  ^^^^^^  ^^^^^^  ^^^^^^
   |     |       |       |       |       |       |       |       |       |       |
   |     |       |       |       |       |       |       |       |       |       no `z2VVny` in the root
   |     |       |       |       |       |       |       |       |       no `z2VUxk` in the root
   |     |       |       |       |       |       |       |       no `z2VUwg` in the root
   |     |       |       |       |       |       |       no `z2VUKn` in the root
   |     |       |       |       |       |       no `z2VTqL` in the root
   |     |       |       |       |       no `z2VTq5` in the root
   |     |       |       |       no `z2VTXE` in the root
   |     |       |       no `z2VSAK` in the root
   |     |       no `z2VPuU` in the root
   |     no `z2VLxP` in the root

error[E0432]: unresolved import `signal_standard::z2VSyM`
  --> src/shipper.rs:15:5
   |
15 | use signal_standard::z2VSyM;
   |     ^^^^^^^^^^^^^^^^^^^^^^^ no `z2VSyM` in the root

error[E0433]: cannot find `ContractMarker` in `signal_mirror`
  --> src/daemon.rs:52:28
   |
52 |             signal_mirror::ContractMarker::decode_single_request(&body.into_bytes())?;
   |                            ^^^^^^^^^^^^^^ could not find `ContractMarker` in `signal_mirror`

error[E0433]: cannot find `ContractMarker` in `meta_signal_mirror`
  --> src/daemon.rs:76:33
   |
76 |             meta_signal_mirror::ContractMarker::decode_single_request(&body.into_bytes())?;
   |                                 ^^^^^^^^^^^^^^ could not find `ContractMarker` in `meta_signal_mirror`

error[E0433]: cannot find `ContractMarker` in `signal_mirror`
   --> src/service.rs:307:28
    |
307 |             signal_mirror::ContractMarker::decode_single_request(&body.into_bytes())?;
    |                            ^^^^^^^^^^^^^^ could not find `ContractMarker` in `signal_mirror`

error[E0433]: cannot find `ContractMarker` in `signal_mirror`
  --> src/shipper.rs:54:30
   |
54 |         match signal_mirror::ContractMarker::decode_frame(&reply.into_bytes())?.into_body() {
   |                              ^^^^^^^^^^^^^^ could not find `ContractMarker` in `signal_mirror`

error[E0433]: cannot find `FrameBody` in `signal_mirror`
  --> src/shipper.rs:55:28
   |
55 |             signal_mirror::FrameBody::Reply { reply, .. } => match reply {
   |                            ^^^^^^^^^ could not find `FrameBody` in `signal_mirror`

error[E0425]: cannot find type `SocketModeRangeError` in crate `meta_signal_mirror`
   --> src/config.rs:104:44
    |
104 |     SocketMode(#[from] meta_signal_mirror::SocketModeRangeError),
    |                                            ^^^^^^^^^^^^^^^^^^^^ not found in `meta_signal_mirror`

error[E0425]: cannot find type `SignalFrameError` in crate `signal_mirror`
  --> src/error.rs:33:40
   |
33 |     OrdinarySignalFrame(signal_mirror::SignalFrameError),
   |                                        ^^^^^^^^^^^^^^^^ not found in `signal_mirror`

error[E0425]: cannot find type `SignalFrameError` in crate `meta_signal_mirror`
  --> src/error.rs:36:41
   |
36 |     MetaSignalFrame(meta_signal_mirror::SignalFrameError),
   |                                         ^^^^^^^^^^^^^^^^ not found in `meta_signal_mirror`

error[E0425]: cannot find type `OctetRangeError` in crate `signal_mirror`
  --> src/error.rs:39:34
   |
39 |     Octet(#[from] signal_mirror::OctetRangeError),
   |                                  ^^^^^^^^^^^^^^^ not found in `signal_mirror`

error[E0425]: cannot find type `z2VcyE` in crate `signal_mirror`
  --> src/error.rs:64:32
   |
64 |         reason: signal_mirror::z2VcyE,
   |                                ^^^^^^ not found in `signal_mirror`

error[E0425]: cannot find type `z2VcqM` in crate `signal_mirror`
  --> src/error.rs:65:37
   |
65 |         head: Option<signal_mirror::z2VcqM>,
   |                                     ^^^^^^ not found in `signal_mirror`

error[E0425]: cannot find type `z2Vcs2` in crate `signal_mirror`
  --> src/error.rs:69:52
   |
69 |     MirrorPublishRejected { reason: signal_mirror::z2Vcs2 },
   |                                                    ^^^^^^ not found in `signal_mirror`

error[E0425]: cannot find type `SignalFrameError` in crate `signal_mirror`
   --> src/error.rs:102:26
    |
102 | impl From<signal_mirror::SignalFrameError> for Error {
    |                          ^^^^^^^^^^^^^^^^ not found in `signal_mirror`

error[E0425]: cannot find type `SignalFrameError` in crate `signal_mirror`
   --> src/error.rs:103:35
    |
103 |     fn from(error: signal_mirror::SignalFrameError) -> Self {
    |                                   ^^^^^^^^^^^^^^^^ not found in `signal_mirror`

error[E0425]: cannot find type `SignalFrameError` in crate `meta_signal_mirror`
   --> src/error.rs:108:31
    |
108 | impl From<meta_signal_mirror::SignalFrameError> for Error {
    |                               ^^^^^^^^^^^^^^^^ not found in `meta_signal_mirror`

error[E0425]: cannot find type `SignalFrameError` in crate `meta_signal_mirror`
   --> src/error.rs:109:40
    |
109 |     fn from(error: meta_signal_mirror::SignalFrameError) -> Self {
    |                                        ^^^^^^^^^^^^^^^^ not found in `meta_signal_mirror`

error[E0425]: cannot find type `z2VSyM` in crate `signal_standard`
  --> src/readback.rs:63:58
   |
63 |     pub fn addresses_to(&self, digest: &signal_standard::z2VSyM) -> bool {
   |                                                          ^^^^^^ not found in `signal_standard`

warning: unused import: `RetentionReceipt`
 --> src/engine.rs:9:21
  |
9 |     RetentionOrder, RetentionReceipt, StoreRegistration,
  |                     ^^^^^^^^^^^^^^^^
  |
  = note: `-W unused-imports` implied by `-W unused`
  = help: to override `-W unused` add `#[allow(unused_imports)]`

warning: unused imports: `ArtifactBytes`, `CheckpointSequence`, `CommitSequence`, and `PayloadBytes`
  --> src/store.rs:13:20
   |
13 |     AppendReceipt, ArtifactBytes, CheckpointArtifact, CheckpointReceipt, CheckpointSequence,
   |                    ^^^^^^^^^^^^^                                         ^^^^^^^^^^^^^^^^^^
14 |     CommitSequence, EntryEnvelope, EntrySuffix, HeadListing, HeadMark, HeadQuery, ObjectNotice,
   |     ^^^^^^^^^^^^^^
15 |     PayloadBytes, RestoreBundle, RestoreQuery, RestoreRejection, RestoreRejectionReason, StoreHead,
   |     ^^^^^^^^^^^^

warning: unused import: `signal_standard::ObjectDigest`
  --> src/store.rs:18:5
   |
18 | use signal_standard::ObjectDigest;
   |     ^^^^^^^^^^^^^^^^^^^^^^^^^^^^^

error[E0609]: no field `field_2` on type `&&EntryEnvelope`
   --> src/decision.rs:226:75
    |
226 | ...                   !LandedBody::new(&octets).addresses_to(&entry.field_2)
    |                                                                     ^^^^^^^ unknown field
    |
    = note: available fields are: `commit_sequence`, `object_digest_option`, `object_digest`, `payload_bytes`

error[E0308]: mismatched types
   --> src/decision.rs:256:58
    |
256 |                     return CheckpointDecision::Duplicate(latest.clone());
    |                            ----------------------------- ^^^^^^^^^^^^^^ expected `CheckpointReceipt`, found `CheckpointArtifact`
    |                            |
    |                            arguments to this enum variant are incorrect
    |
note: tuple variant defined here
   --> src/decision.rs:29:5
    |
 29 |     Duplicate(CheckpointReceipt),
    |     ^^^^^^^^^

error[E0599]: no method named `payload` found for type `i64` in the current scope
   --> src/decision.rs:259:50
    |
259 |                     || *artifact.commit_sequence.payload() < *latest.commit_sequence.payload()
    |                                                  ^^^^^^^ method not found in `i64`

error[E0599]: no method named `payload` found for type `i64` in the current scope
   --> src/decision.rs:259:86
    |
259 |                     || *artifact.commit_sequence.payload() < *latest.commit_sequence.payload()
    |                                                                                      ^^^^^^^ method not found in `i64`

error[E0560]: struct `String` has no field named `fault_detail`
   --> src/engine.rs:187:13
    |
187 |             fault_detail: error.to_string(),
    |             ^^^^^^^^^^^^ `String` does not have this field
    |
    = note: all struct fields are already assigned

error[E0560]: struct `RestoreBundle` has no field named `field_0`
   --> src/store.rs:468:13
    |
468 |             field_0: store.clone(),
    |             ^^^^^^^ `RestoreBundle` does not have this field
    |
    = note: available fields are: `store_name`, `checkpoint_artifact`, `entry_envelope_vector`

error[E0560]: struct `RestoreBundle` has no field named `field_1`
   --> src/store.rs:469:13
    |
469 |             field_1: checkpoint.to_artifact(),
    |             ^^^^^^^ `RestoreBundle` does not have this field
    |
    = note: available fields are: `store_name`, `checkpoint_artifact`, `entry_envelope_vector`

error[E0560]: struct `RestoreBundle` has no field named `field_2`
   --> src/store.rs:470:13
    |
470 |             field_2: suffix,
    |             ^^^^^^^ `RestoreBundle` does not have this field
    |
    = note: available fields are: `store_name`, `checkpoint_artifact`, `entry_envelope_vector`

Some errors have detailed explanations: E0308, E0425, E0432, E0433, E0560, E0599, E0609.
For more information about an error, try `rustc --explain E0308`.
warning: `mirror` (lib) generated 3 warnings
error: could not compile `mirror` (lib) due to 30 previous errors; 3 warnings emitted
