    Checking mirror v1.0.0 (/git/github.com/LiGoldragon/mirror)
error[E0432]: unresolved imports `meta_signal_mirror::ConfigurationArchiveError`, `meta_signal_mirror::z2VXab`
  --> src/config.rs:12:26
   |
12 | use meta_signal_mirror::{ConfigurationArchiveError, z2VXab};
   |                          ^^^^^^^^^^^^^^^^^^^^^^^^^  ^^^^^^ no `z2VXab` in the root
   |                          |
   |                          no `ConfigurationArchiveError` in the root
   |
help: a similar name exists in the module
   |
12 - use meta_signal_mirror::{ConfigurationArchiveError, z2VXab};
12 + use meta_signal_mirror::{ConfigurationArchivePath, z2VXab};
   |

error[E0432]: unresolved imports `signal_mirror::z2VLxP`, `signal_mirror::z2VQTe`, `signal_mirror::z2VTXE`, `signal_mirror::z2VUTH`, `signal_mirror::z2VWFj`, `signal_mirror::z2VaxY`, `signal_mirror::z2VbP4`, `signal_mirror::z2VcqM`, `signal_mirror::z2Vcs2`, `signal_mirror::z2VcyE`, `signal_mirror::z2VdLR`, `signal_mirror::z2Ve8p`
 --> src/decision.rs:8:5
  |
8 |     z2VLxP, z2VQTe, z2VTXE, z2VUTH, z2VWFj, z2VaxY, z2VbP4, z2VcqM, z2Vcs2, z2VcyE, z2VdLR, z2Ve8p,
  |     ^^^^^^  ^^^^^^  ^^^^^^  ^^^^^^  ^^^^^^  ^^^^^^  ^^^^^^  ^^^^^^  ^^^^^^  ^^^^^^  ^^^^^^  ^^^^^^
  |     |       |       |       |       |       |       |       |       |       |
  |     |       |       |       |       |       |       |       |       |       no `z2VcyE` in the root
  |     |       |       |       |       |       |       |       |       no `z2Vcs2` in the root
  |     |       |       |       |       |       |       |       no `z2VcqM` in the root
  |     |       |       |       |       |       |       no `z2VbP4` in the root
  |     |       |       |       |       |       no `z2VaxY` in the root
  |     |       |       |       |       no `z2VWFj` in the root
  |     |       |       |       no `z2VUTH` in the root
  |     |       |       no `z2VTXE` in the root
  |     |       no `z2VQTe` in the root
  |     no `z2VLxP` in the root

error[E0432]: unresolved imports `meta_signal_mirror::z2VUH6`, `meta_signal_mirror::z2VWt5`
  --> src/service.rs:21:26
   |
21 | use meta_signal_mirror::{z2VUH6 as MetaOutput, z2VWt5 as MetaInput};
   |                          ^^^^^^^^^^^^^^^^^^^^  ^^^^^^^^^^^^^^^^^^^ no `z2VWt5` in the root
   |                          |
   |                          no `z2VUH6` in the root

error[E0432]: unresolved imports `signal_mirror::z2VTqL`, `signal_mirror::z2VVny`
  --> src/service.rs:22:21
   |
22 | use signal_mirror::{z2VTqL as WorkingOutput, z2VVny as WorkingInput};
   |                     ^^^^^^^^^^^^^^^^^^^^^^^  ^^^^^^^^^^^^^^^^^^^^^^ no `z2VVny` in the root
   |                     |
   |                     no `z2VTqL` in the root

error[E0432]: unresolved imports `signal_mirror::z2VLxP`, `signal_mirror::z2VPuU`, `signal_mirror::z2VSAK`, `signal_mirror::z2VTXE`, `signal_mirror::z2VTq5`, `signal_mirror::z2VTqL`, `signal_mirror::z2VUKn`, `signal_mirror::z2VUwg`, `signal_mirror::z2VUxk`, `signal_mirror::z2VVny`, `signal_mirror::z2VcqM`, `signal_mirror::z2Ve8p`
  --> src/shipper.rs:13:5
   |
13 |     z2VLxP, z2VPuU, z2VSAK, z2VTXE, z2VTq5, z2VTqL, z2VUKn, z2VUwg, z2VUxk, z2VVny, z2VcqM, z2Ve8p,
   |     ^^^^^^  ^^^^^^  ^^^^^^  ^^^^^^  ^^^^^^  ^^^^^^  ^^^^^^  ^^^^^^  ^^^^^^  ^^^^^^  ^^^^^^  ^^^^^^
   |     |       |       |       |       |       |       |       |       |       |
   |     |       |       |       |       |       |       |       |       |       no `z2VVny` in the root
   |     |       |       |       |       |       |       |       |       no `z2VUxk` in the root
   |     |       |       |       |       |       |       |       no `z2VUwg` in the root
   |     |       |       |       |       |       |       no `z2VUKn` in the root
   |     |       |       |       |       |       no `z2VTqL` in the root
   |     |       |       |       |       no `z2VTq5` in the root
   |     |       |       |       no `z2VTXE` in the root
   |     |       |       no `z2VSAK` in the root
   |     |       no `z2VPuU` in the root
   |     no `z2VLxP` in the root

error[E0432]: unresolved import `signal_standard::z2VSyM`
  --> src/shipper.rs:15:5
   |
15 | use signal_standard::z2VSyM;
   |     ^^^^^^^^^^^^^^^^^^^^^^^ no `z2VSyM` in the root

error[E0433]: cannot find `ContractMarker` in `signal_mirror`
  --> src/daemon.rs:52:28
   |
52 |             signal_mirror::ContractMarker::decode_single_request(&body.into_bytes())?;
   |                            ^^^^^^^^^^^^^^ could not find `ContractMarker` in `signal_mirror`

error[E0433]: cannot find `ContractMarker` in `meta_signal_mirror`
  --> src/daemon.rs:76:33
   |
76 |             meta_signal_mirror::ContractMarker::decode_single_request(&body.into_bytes())?;
   |                                 ^^^^^^^^^^^^^^ could not find `ContractMarker` in `meta_signal_mirror`

error[E0433]: cannot find `ContractMarker` in `signal_mirror`
   --> src/service.rs:307:28
    |
307 |             signal_mirror::ContractMarker::decode_single_request(&body.into_bytes())?;
    |                            ^^^^^^^^^^^^^^ could not find `ContractMarker` in `signal_mirror`

error[E0433]: cannot find `ContractMarker` in `signal_mirror`
  --> src/shipper.rs:54:30
   |
54 |         match signal_mirror::ContractMarker::decode_frame(&reply.into_bytes())?.into_body() {
   |                              ^^^^^^^^^^^^^^ could not find `ContractMarker` in `signal_mirror`

error[E0433]: cannot find `FrameBody` in `signal_mirror`
  --> src/shipper.rs:55:28
   |
55 |             signal_mirror::FrameBody::Reply { reply, .. } => match reply {
   |                            ^^^^^^^^^ could not find `FrameBody` in `signal_mirror`

error[E0433]: cannot find `z2VQWA` in `meta_signal_mirror`
   --> src/store.rs:499:32
    |
499 |         Ok(meta_signal_mirror::z2VQWA::new(
    |                                ^^^^^^ could not find `z2VQWA` in `meta_signal_mirror`

error[E0433]: cannot find `z2VT8Z` in `meta_signal_mirror`
   --> src/store.rs:502:48
    |
502 |                 .map(|row| meta_signal_mirror::z2VT8Z::new(StoreName::new(row.store.clone())))
    |                                                ^^^^^^ could not find `z2VT8Z` in `meta_signal_mirror`

error[E0425]: cannot find type `SocketModeRangeError` in crate `meta_signal_mirror`
   --> src/config.rs:104:44
    |
104 |     SocketMode(#[from] meta_signal_mirror::SocketModeRangeError),
    |                                            ^^^^^^^^^^^^^^^^^^^^ not found in `meta_signal_mirror`

error[E0425]: cannot find type `z2VPuU` in crate `signal_mirror`
   --> src/decision.rs:126:62
    |
126 |     fn suffix_inconsistency(&self, entries: &[signal_mirror::z2VPuU]) -> Option<z2VcyE> {
    |                                                              ^^^^^^ not found in `signal_mirror`

error[E0425]: cannot find type `z2VPuU` in crate `signal_mirror`
   --> src/decision.rs:143:35
    |
143 |         entries: &[signal_mirror::z2VPuU],
    |                                   ^^^^^^ not found in `signal_mirror`

error[E0425]: cannot find type `z2VPuU` in crate `signal_mirror`
   --> src/decision.rs:167:58
    |
167 |     fn known_divergence(&self, entries: &[signal_mirror::z2VPuU]) -> Option<z2VcyE> {
    |                                                          ^^^^^^ not found in `signal_mirror`

error[E0425]: cannot find type `z2VPuU` in crate `signal_mirror`
   --> src/decision.rs:181:67
    |
181 |     fn body_addressing_violation(&self, entries: &[signal_mirror::z2VPuU]) -> Option<z2VcyE> {
    |                                                                   ^^^^^^ not found in `signal_mirror`

error[E0425]: cannot find type `SignalFrameError` in crate `signal_mirror`
  --> src/error.rs:33:40
   |
33 |     OrdinarySignalFrame(signal_mirror::SignalFrameError),
   |                                        ^^^^^^^^^^^^^^^^ not found in `signal_mirror`

error[E0425]: cannot find type `SignalFrameError` in crate `meta_signal_mirror`
  --> src/error.rs:36:41
   |
36 |     MetaSignalFrame(meta_signal_mirror::SignalFrameError),
   |                                         ^^^^^^^^^^^^^^^^ not found in `meta_signal_mirror`

error[E0425]: cannot find type `OctetRangeError` in crate `signal_mirror`
  --> src/error.rs:39:34
   |
39 |     Octet(#[from] signal_mirror::OctetRangeError),
   |                                  ^^^^^^^^^^^^^^^ not found in `signal_mirror`

error[E0425]: cannot find type `z2VcyE` in crate `signal_mirror`
  --> src/error.rs:64:32
   |
64 |         reason: signal_mirror::z2VcyE,
   |                                ^^^^^^ not found in `signal_mirror`

error[E0425]: cannot find type `z2VcqM` in crate `signal_mirror`
  --> src/error.rs:65:37
   |
65 |         head: Option<signal_mirror::z2VcqM>,
   |                                     ^^^^^^ not found in `signal_mirror`

error[E0425]: cannot find type `z2Vcs2` in crate `signal_mirror`
  --> src/error.rs:69:52
   |
69 |     MirrorPublishRejected { reason: signal_mirror::z2Vcs2 },
   |                                                    ^^^^^^ not found in `signal_mirror`

error[E0425]: cannot find type `SignalFrameError` in crate `signal_mirror`
   --> src/error.rs:102:26
    |
102 | impl From<signal_mirror::SignalFrameError> for Error {
    |                          ^^^^^^^^^^^^^^^^ not found in `signal_mirror`

error[E0425]: cannot find type `SignalFrameError` in crate `signal_mirror`
   --> src/error.rs:103:35
    |
103 |     fn from(error: signal_mirror::SignalFrameError) -> Self {
    |                                   ^^^^^^^^^^^^^^^^ not found in `signal_mirror`

error[E0425]: cannot find type `SignalFrameError` in crate `meta_signal_mirror`
   --> src/error.rs:108:31
    |
108 | impl From<meta_signal_mirror::SignalFrameError> for Error {
    |                               ^^^^^^^^^^^^^^^^ not found in `meta_signal_mirror`

error[E0425]: cannot find type `SignalFrameError` in crate `meta_signal_mirror`
   --> src/error.rs:109:40
    |
109 |     fn from(error: meta_signal_mirror::SignalFrameError) -> Self {
    |                                        ^^^^^^^^^^^^^^^^ not found in `meta_signal_mirror`

error[E0425]: cannot find type `z2VSyM` in crate `signal_standard`
  --> src/readback.rs:63:58
   |
63 |     pub fn addresses_to(&self, digest: &signal_standard::z2VSyM) -> bool {
   |                                                          ^^^^^^ not found in `signal_standard`

error[E0425]: cannot find type `z2VQWA` in crate `meta_signal_mirror`
   --> src/store.rs:497:63
    |
497 |     pub fn load_registry(&self) -> Result<meta_signal_mirror::z2VQWA> {
    |                                                               ^^^^^^ not found in `meta_signal_mirror`

warning: unused import: `RetentionReceipt`
 --> src/engine.rs:9:21
  |
9 |     RetentionOrder, RetentionReceipt, StoreRegistration,
  |                     ^^^^^^^^^^^^^^^^
  |
  = note: `-W unused-imports` implied by `-W unused`
  = help: to override `-W unused` add `#[allow(unused_imports)]`

warning: unused imports: `ArtifactBytes`, `CheckpointSequence`, `CommitSequence`, and `PayloadBytes`
  --> src/store.rs:13:20
   |
13 |     AppendReceipt, ArtifactBytes, CheckpointArtifact, CheckpointReceipt, CheckpointSequence,
   |                    ^^^^^^^^^^^^^                                         ^^^^^^^^^^^^^^^^^^
14 |     CommitSequence, EntryEnvelope, EntrySuffix, HeadListing, HeadMark, HeadQuery, ObjectNotice,
   |     ^^^^^^^^^^^^^^
15 |     PayloadBytes, RestoreBundle, RestoreQuery, RestoreRejection, RestoreRejectionReason, StoreHead,
   |     ^^^^^^^^^^^^

warning: unused import: `signal_standard::ObjectDigest`
  --> src/store.rs:18:5
   |
18 | use signal_standard::ObjectDigest;
   |     ^^^^^^^^^^^^^^^^^^^^^^^^^^^^^

error[E0277]: the trait bound `NovelSuffix: Eq` is not satisfied
   --> src/decision.rs:19:12
    |
 17 | #[derive(Clone, Debug, PartialEq, Eq)]
    |                                   -- in this derive macro expansion
 18 | pub enum AppendDecision {
 19 |     Accept(NovelSuffix),
    |            ^^^^^^^^^^^ unsatisfied trait bound
    |
help: the trait `Eq` is not implemented for `NovelSuffix`
   --> src/ledger.rs:13:1
    |
 13 | pub struct NovelSuffix {
    | ^^^^^^^^^^^^^^^^^^^^^^
note: required by a bound in `std::cmp::AssertParamIsEq`
   --> /nix/store/33jgdx2kaiiyfkk9f9wv6l1lyb3hj8c5-rust-minimal-1.96.0/lib/rustlib/src/rust/library/core/src/cmp.rs:379:31
    |
379 | pub struct AssertParamIsEq<T: Eq + PointeeSized> {
    |                               ^^ required by this bound in `AssertParamIsEq`

error[E0609]: no field `field_0` on type `EntrySuffix`
  --> src/decision.rs:44:68
   |
44 |             return AppendDecision::Refuse(append_rejection(request.field_0, z2VcyE::z2VcFn, None));
   |                                                                    ^^^^^^^ unknown field
   |
   = note: available fields are: `store_name`, `head_mark_option`, `entry_envelope_vector`

error[E0609]: no field `field_2` on type `EntrySuffix`
  --> src/decision.rs:46:31
   |
46 |         let entries = request.field_2;
   |                               ^^^^^^^ unknown field
   |
   = note: available fields are: `store_name`, `head_mark_option`, `entry_envelope_vector`

error[E0609]: no field `field_0` on type `EntrySuffix`
  --> src/decision.rs:49:25
   |
49 |                 request.field_0,
   |                         ^^^^^^^ unknown field
   |
   = note: available fields are: `store_name`, `head_mark_option`, `entry_envelope_vector`

error[E0609]: no field `field_0` on type `EntrySuffix`
  --> src/decision.rs:56:25
   |
56 |                 request.field_0,
   |                         ^^^^^^^ unknown field
   |
   = note: available fields are: `store_name`, `head_mark_option`, `entry_envelope_vector`

error[E0609]: no field `field_1` on type `EntrySuffix`
  --> src/decision.rs:61:70
   |
61 |         if let Some(reason) = ledger.expected_head_violation(request.field_1.as_ref(), &entries) {
   |                                                                      ^^^^^^^ unknown field
   |
   = note: available fields are: `store_name`, `head_mark_option`, `entry_envelope_vector`

error[E0609]: no field `field_0` on type `EntrySuffix`
  --> src/decision.rs:63:25
   |
63 |                 request.field_0,
   |                         ^^^^^^^ unknown field
   |
   = note: available fields are: `store_name`, `head_mark_option`, `entry_envelope_vector`

error[E0609]: no field `field_0` on type `EntrySuffix`
  --> src/decision.rs:70:25
   |
70 |                 request.field_0,
   |                         ^^^^^^^ unknown field
   |
   = note: available fields are: `store_name`, `head_mark_option`, `entry_envelope_vector`

error[E0609]: no field `field_0` on type `EntrySuffix`
  --> src/decision.rs:77:25
   |
77 |                 request.field_0,
   |                         ^^^^^^^ unknown field
   |
   = note: available fields are: `store_name`, `head_mark_option`, `entry_envelope_vector`

error[E0609]: no field `field_0` on type `EntrySuffix`
  --> src/decision.rs:95:29
   |
95 |                     request.field_0,
   |                             ^^^^^^^ unknown field
   |
   = note: available fields are: `store_name`, `head_mark_option`, `entry_envelope_vector`

error[E0609]: no field `field_0` on type `EntrySuffix`
   --> src/decision.rs:101:34
    |
101 |                 field_0: request.field_0,
    |                                  ^^^^^^^ unknown field
    |
    = note: available fields are: `store_name`, `head_mark_option`, `entry_envelope_vector`

error[E0609]: no field `field_0` on type `EntrySuffix`
   --> src/decision.rs:105:57
    |
105 |         AppendDecision::Accept(NovelSuffix::new(request.field_0, suffix_end, novel))
    |                                                         ^^^^^^^ unknown field
    |
    = note: available fields are: `store_name`, `head_mark_option`, `entry_envelope_vector`

error[E0609]: no field `field_0` on type `&HeadMark`
   --> src/decision.rs:119:44
    |
119 |         self.head().map_or(0, |head| *head.field_0.payload())
    |                                            ^^^^^^^ unknown field
    |
    = note: available fields are: `commit_sequence`, `object_digest`

error[E0277]: the size for values of type `[u8]` cannot be known at compilation time
   --> src/decision.rs:187:58
    |
187 |                     entry.field_3.octets().map_or(true, |octets| {
    |                                                          ^^^^^^ doesn't have a size known at compile-time
    |
    = help: the trait `Sized` is not implemented for `[u8]`
    = note: all function arguments must have a statically known size

error[E0609]: no field `field_0` on type `CheckpointArtifact`
   --> src/decision.rs:204:35
    |
204 |                 field_0: artifact.field_0,
    |                                   ^^^^^^^ unknown field
    |
    = note: available fields are: `store_name`, `checkpoint_sequence`, `commit_sequence`, `object_digest`, `artifact_bytes`

error[E0609]: no field `field_1` on type `&CheckpointArtifact`
   --> src/decision.rs:211:47
    |
211 |                 let latest_sequence = *latest.field_1.payload();
    |                                               ^^^^^^^ unknown field
    |
    = note: available fields are: `store_name`, `checkpoint_sequence`, `commit_sequence`, `object_digest`, `artifact_bytes`

error[E0609]: no field `field_1` on type `CheckpointArtifact`
   --> src/decision.rs:212:51
    |
212 |                 let artifact_sequence = *artifact.field_1.payload();
    |                                                   ^^^^^^^ unknown field
    |
    = note: available fields are: `store_name`, `checkpoint_sequence`, `commit_sequence`, `object_digest`, `artifact_bytes`

error[E0609]: no field `field_2` on type `CheckpointArtifact`
   --> src/decision.rs:213:69
    |
213 |                 if artifact_sequence == latest_sequence && artifact.field_2 == latest.field_2 {
    |                                                                     ^^^^^^^ unknown field
    |
    = note: available fields are: `store_name`, `checkpoint_sequence`, `commit_sequence`, `object_digest`, `artifact_bytes`

error[E0609]: no field `field_2` on type `&CheckpointArtifact`
   --> src/decision.rs:213:87
    |
213 |                 if artifact_sequence == latest_sequence && artifact.field_2 == latest.field_2 {
    |                                                                                       ^^^^^^^ unknown field
    |
    = note: available fields are: `store_name`, `checkpoint_sequence`, `commit_sequence`, `object_digest`, `artifact_bytes`

error[E0609]: no field `field_2` on type `CheckpointArtifact`
   --> src/decision.rs:217:34
    |
217 |                     || *artifact.field_2.payload() < *latest.field_2.payload()
    |                                  ^^^^^^^ unknown field
    |
    = note: available fields are: `store_name`, `checkpoint_sequence`, `commit_sequence`, `object_digest`, `artifact_bytes`

error[E0609]: no field `field_2` on type `&CheckpointArtifact`
   --> src/decision.rs:217:62
    |
217 |                     || *artifact.field_2.payload() < *latest.field_2.payload()
    |                                                              ^^^^^^^ unknown field
    |
    = note: available fields are: `store_name`, `checkpoint_sequence`, `commit_sequence`, `object_digest`, `artifact_bytes`

error[E0609]: no field `field_0` on type `CheckpointArtifact`
   --> src/decision.rs:220:43
    |
220 |                         field_0: artifact.field_0,
    |                                           ^^^^^^^ unknown field
    |
    = note: available fields are: `store_name`, `checkpoint_sequence`, `commit_sequence`, `object_digest`, `artifact_bytes`

error[E0609]: no field `field_0` on type `ObjectNotice`
   --> src/decision.rs:238:33
    |
238 |                 field_0: notice.field_0,
    |                                 ^^^^^^^ unknown field
    |
    = note: available fields are: `store_name`, `head_mark`, `standard_socket_option`

error[E0609]: no field `field_1` on type `ObjectNotice`
   --> src/decision.rs:243:42
    |
243 |         if ledger.has_known_head(&notice.field_1) {
    |                                          ^^^^^^^ unknown field
    |
    = note: available fields are: `store_name`, `head_mark`, `standard_socket_option`

error[E0609]: no field `field_0` on type `ObjectNotice`
   --> src/decision.rs:245:33
    |
245 |                 field_0: notice.field_0,
    |                                 ^^^^^^^ unknown field
    |
    = note: available fields are: `store_name`, `head_mark`, `standard_socket_option`

error[E0609]: no field `field_1` on type `ObjectNotice`
   --> src/decision.rs:246:33
    |
246 |                 field_1: notice.field_1,
    |                                 ^^^^^^^ unknown field
    |
    = note: available fields are: `store_name`, `head_mark`, `standard_socket_option`

error[E0609]: no field `field_0` on type `ObjectNotice`
   --> src/decision.rs:250:29
    |
250 |             field_0: notice.field_0,
    |                             ^^^^^^^ unknown field
    |
    = note: available fields are: `store_name`, `head_mark`, `standard_socket_option`

error[E0560]: struct `String` has no field named `fault_detail`
   --> src/engine.rs:187:13
    |
187 |             fault_detail: error.to_string(),
    |             ^^^^^^^^^^^^ `String` does not have this field
    |
    = note: all struct fields are already assigned

error[E0614]: type `i64` cannot be dereferenced
  --> src/store.rs:78:23
   |
78 |             sequence: *mark.commit_sequence,
   |                       ^^^^^^^^^^^^^^^^^^^^^ can't be dereferenced

error[E0308]: mismatched types
  --> src/store.rs:85:30
   |
85 |             commit_sequence: self.sequence,
   |                              ^^^^^^^^^^^^^ expected `i64`, found `u64`

error[E0614]: type `i64` cannot be dereferenced
  --> src/store.rs:95:23
   |
95 |             sequence: *envelope.commit_sequence,
   |                       ^^^^^^^^^^^^^^^^^^^^^^^^^ can't be dereferenced

error[E0308]: mismatched types
   --> src/store.rs:111:30
    |
111 |             commit_sequence: self.sequence,
    |                              ^^^^^^^^^^^^^ expected `i64`, found `u64`

error[E0614]: type `i64` cannot be dereferenced
   --> src/store.rs:137:34
    |
137 |             checkpoint_sequence: *artifact.checkpoint_sequence,
    |                                  ^^^^^^^^^^^^^^^^^^^^^^^^^^^^^ can't be dereferenced

error[E0614]: type `i64` cannot be dereferenced
   --> src/store.rs:138:35
    |
138 |             covered_end_sequence: *artifact.commit_sequence,
    |                                   ^^^^^^^^^^^^^^^^^^^^^^^^^ can't be dereferenced

error[E0308]: mismatched types
   --> src/store.rs:295:13
    |
292 |           Ok(StoreLedger::Registered(RegisteredLedger::new(
    |                                      --------------------- arguments to this function are incorrect
...
295 | /             self.latest_checkpoint_row(store)?
296 | |                 .as_ref()
297 | |                 .map(StoredCheckpoint::to_receipt),
    | |__________________________________________________^ expected `Option<CheckpointArtifact>`, found `Option<CheckpointReceipt>`
    |
    = note: expected enum `Option<CheckpointArtifact>`
               found enum `Option<signal_mirror::CheckpointReceipt>`
note: associated function defined here
   --> src/ledger.rs:63:12
    |
 63 |     pub fn new(
    |            ^^^
...
 66 |         latest_checkpoint: Option<CheckpointArtifact>,
    |         ---------------------------------------------

error[E0614]: type `i64` cannot be dereferenced
   --> src/store.rs:304:34
    |
304 |             let first_sequence = *first.commit_sequence;
    |                                  ^^^^^^^^^^^^^^^^^^^^^^ can't be dereferenced

error[E0609]: no field `field_2` on type `EntrySuffix`
   --> src/store.rs:306:18
    |
306 |                 .field_2
    |                  ^^^^^^^ unknown field
    |
    = note: available fields are: `store_name`, `head_mark_option`, `entry_envelope_vector`

error[E0614]: type `i64` cannot be dereferenced
   --> src/store.rs:327:24
    |
327 |         let sequence = *notice.head_mark.commit_sequence;
    |                        ^^^^^^^^^^^^^^^^^^^^^^^^^^^^^^^^^ can't be dereferenced

error[E0560]: struct `RestoreRejection` has no field named `field_0`
   --> src/store.rs:441:17
    |
441 |                 field_0: store.clone(),
    |                 ^^^^^^^ `RestoreRejection` does not have this field
    |
    = note: available fields are: `store_name`, `restore_rejection_reason`

error[E0560]: struct `RestoreRejection` has no field named `field_1`
   --> src/store.rs:442:17
    |
442 |                 field_1: RestoreRejectionReason::z2Vf1c,
    |                 ^^^^^^^ `RestoreRejection` does not have this field
    |
    = note: available fields are: `store_name`, `restore_rejection_reason`

error[E0599]: no variant, associated function, or constant named `z2Vf1c` found for enum `RestoreRejectionReason` in the current scope
   --> src/store.rs:442:50
    |
442 |                 field_1: RestoreRejectionReason::z2Vf1c,
    |                                                  ^^^^^^ variant, associated function, or constant not found in `RestoreRejectionReason`

error[E0560]: struct `RestoreRejection` has no field named `field_0`
   --> src/store.rs:447:17
    |
447 |                 field_0: store.clone(),
    |                 ^^^^^^^ `RestoreRejection` does not have this field
    |
    = note: available fields are: `store_name`, `restore_rejection_reason`

error[E0560]: struct `RestoreRejection` has no field named `field_1`
   --> src/store.rs:448:17
    |
448 |                 field_1: RestoreRejectionReason::z2VXM2,
    |                 ^^^^^^^ `RestoreRejection` does not have this field
    |
    = note: available fields are: `store_name`, `restore_rejection_reason`

error[E0599]: no variant, associated function, or constant named `z2VXM2` found for enum `RestoreRejectionReason` in the current scope
   --> src/store.rs:448:50
    |
448 |                 field_1: RestoreRejectionReason::z2VXM2,
    |                                                  ^^^^^^ variant, associated function, or constant not found in `RestoreRejectionReason`

error[E0560]: struct `RestoreBundle` has no field named `field_0`
   --> src/store.rs:460:13
    |
460 |             field_0: store.clone(),
    |             ^^^^^^^ `RestoreBundle` does not have this field
    |
    = note: available fields are: `store_name`, `checkpoint_artifact`, `entry_envelope_vector`

error[E0560]: struct `RestoreBundle` has no field named `field_1`
   --> src/store.rs:461:13
    |
461 |             field_1: checkpoint.to_artifact(),
    |             ^^^^^^^ `RestoreBundle` does not have this field
    |
    = note: available fields are: `store_name`, `checkpoint_artifact`, `entry_envelope_vector`

error[E0560]: struct `RestoreBundle` has no field named `field_2`
   --> src/store.rs:462:13
    |
462 |             field_2: suffix,
    |             ^^^^^^^ `RestoreBundle` does not have this field
    |
    = note: available fields are: `store_name`, `checkpoint_artifact`, `entry_envelope_vector`

error[E0560]: struct `HeadListing` has no field named `field_0`
   --> src/store.rs:487:13
    |
487 |             field_0: rows
    |             ^^^^^^^ `HeadListing` does not have this field
    |
    = note: available fields are: `store_head_vector`

error[E0560]: struct `StoreHead` has no field named `field_0`
   --> src/store.rs:490:21
    |
490 |                     field_0: StoreName::new(row.store.clone()),
    |                     ^^^^^^^ `StoreHead` does not have this field
    |
    = note: available fields are: `store_name`, `head_mark_option`

error[E0061]: this function takes 0 arguments but 1 argument was supplied
   --> src/store.rs:490:30
    |
490 |                     field_0: StoreName::new(row.store.clone()),
    |                              ^^^^^^^^^^^^^^ ----------------- unexpected argument of type `String`
    |
note: associated function defined here
   --> /nix/store/33jgdx2kaiiyfkk9f9wv6l1lyb3hj8c5-rust-minimal-1.96.0/lib/rustlib/src/rust/library/alloc/src/string.rs:437:18
    |
437 |     pub const fn new() -> String {
    |                  ^^^
help: remove the extra argument
    |
490 -                     field_0: StoreName::new(row.store.clone()),
490 +                     field_0: StoreName::new(),
    |

error[E0560]: struct `StoreHead` has no field named `field_1`
   --> src/store.rs:491:21
    |
491 |                     field_1: row.head.as_ref().map(HeadStamp::to_mark),
    |                     ^^^^^^^ `StoreHead` does not have this field
    |
    = note: available fields are: `store_name`, `head_mark_option`

error[E0061]: this function takes 0 arguments but 1 argument was supplied
   --> src/store.rs:502:60
    |
502 |                 .map(|row| meta_signal_mirror::z2VT8Z::new(StoreName::new(row.store.clone())))
    |                                                            ^^^^^^^^^^^^^^ ----------------- unexpected argument of type `String`
    |
note: associated function defined here
   --> /nix/store/33jgdx2kaiiyfkk9f9wv6l1lyb3hj8c5-rust-minimal-1.96.0/lib/rustlib/src/rust/library/alloc/src/string.rs:437:18
    |
437 |     pub const fn new() -> String {
    |                  ^^^
help: remove the extra argument
    |
502 -                 .map(|row| meta_signal_mirror::z2VT8Z::new(StoreName::new(row.store.clone())))
502 +                 .map(|row| meta_signal_mirror::z2VT8Z::new(StoreName::new()))
    |

Some errors have detailed explanations: E0061, E0277, E0308, E0425, E0432, E0433, E0560, E0599, E0609...
For more information about an error, try `rustc --explain E0061`.
warning: `mirror` (lib) generated 3 warnings
error: could not compile `mirror` (lib) due to 82 previous errors; 3 warnings emitted
