$ cargo build --workspace
    Finished `dev` profile [unoptimized + debuginfo] target(s) in 0.09s
$ cargo test --test zero_arg_daemon
    Finished `test` profile [unoptimized + debuginfo] target(s) in 0.10s
     Running tests/zero_arg_daemon.rs (target/debug/deps/zero_arg_daemon-25cdb56339db1c9b)

running 1 test
test zero_argument_daemon_uses_persisted_socket_and_retains_existing_domain_rows ... ok

test result: ok. 1 passed; 0 failed; 0 ignored; 0 measured; 0 filtered out; finished in 0.15s

$ cargo test --features datom-cli --test process_boundary
    Finished `test` profile [unoptimized + debuginfo] target(s) in 0.11s
     Running tests/process_boundary.rs (target/debug/deps/process_boundary-f7377dc49886b6c4)

running 17 tests
test configuration_writer_rejects_negative_guardian_numbers_without_writing_archive ... ok
test configuration_writer_encodes_observing_authorization_mode ... ok
test configuration_writer_accepts_judge_socket_without_output_budget ... ok
test public_clis_reject_non_object_and_file_operands_before_transport ... ok
test cli_and_daemon_report_version_from_bare_nota_atom ... ok
test daemon_starts_from_isolated_persisted_configuration ... ok
test cli_renders_alias_payload_outputs_without_wrapper_repetition ... ok
test cli_and_daemon_classify_state_into_provisional_record ... ok
test cli_and_daemon_exchange_nota_over_rkyv_socket ... ok
test cli_and_daemon_bump_importance_without_changing_record_identifier ... ok
test daemon_rejects_all_legacy_admission_invalid_families_before_mutation ... ok
test cli_and_daemon_change_record_replaces_entry_under_same_identifier ... ok
test text_search_returns_direct_ranked_records ... ok
test cli_and_daemon_resolve_clarification_edits_target_and_removes_standalone ... ok
test daemon_persists_sema_file_across_a_restart ... ok
test candidate_daemon_handover_from_production_copy_preserves_original_sema_database ... ok
test cli_subscription_receives_matching_intent_events_without_blocking_daemon ... ok

test result: ok. 17 passed; 0 failed; 0 ignored; 0 measured; 0 filtered out; finished in 0.29s

