evaluating flake...
checking flake output 'packages'...
checking derivation packages.x86_64-linux.default...
derivation evaluated to /nix/store/906ql2znkc7jgm5dlf9m1qy4ld0fc04w-signal-introspect-1.0.0.drv
checking flake output 'checks'...
checking derivation checks.x86_64-linux.build...
derivation evaluated to /nix/store/hiymz4lkna0gm8qg8qai1qrddw9vxnyy-signal-introspect-build-1.0.0.drv
checking derivation checks.x86_64-linux.test...
derivation evaluated to /nix/store/0474js2waqd75966gny9kqxamrcgb41i-signal-introspect-test-1.0.0.drv
checking derivation checks.x86_64-linux.test-generated-contract...
derivation evaluated to /nix/store/6k9sz841nry4llx1a4p3bxpl14g3hdir-signal-introspect-test-1.0.0.drv
checking derivation checks.x86_64-linux.test-datom...
derivation evaluated to /nix/store/cnhbbjvs1yqmd19svdfkqjfjkrdz6x3a-signal-introspect-test-1.0.0.drv
checking derivation checks.x86_64-linux.fmt...
derivation evaluated to /nix/store/33bb1xz5ll6apf9081v6fdvll5n6kywr-signal-introspect-fmt-1.0.0.drv
checking derivation checks.x86_64-linux.clippy...
derivation evaluated to /nix/store/yi1g6ylda033i3h03b4aw92f0s0nxrkq-signal-introspect-clippy-1.0.0.drv
checking flake output 'devShells'...
checking derivation devShells.x86_64-linux.default...
derivation evaluated to /nix/store/85qwrw3c3p7lrvm51jhrrngx4a665dqn-signal-introspect.drv
running 6 flake checks...
building '/nix/store/hiymz4lkna0gm8qg8qai1qrddw9vxnyy-signal-introspect-build-1.0.0.drv' on 'ssh-ng://nix-ssh@prometheus.goldragon.criome'...
building '/nix/store/yi1g6ylda033i3h03b4aw92f0s0nxrkq-signal-introspect-clippy-1.0.0.drv' on 'ssh-ng://nix-ssh@prometheus.goldragon.criome'...
building '/nix/store/33bb1xz5ll6apf9081v6fdvll5n6kywr-signal-introspect-fmt-1.0.0.drv' on 'ssh-ng://nix-ssh@prometheus.goldragon.criome'...
building '/nix/store/0474js2waqd75966gny9kqxamrcgb41i-signal-introspect-test-1.0.0.drv' on 'ssh-ng://nix-ssh@prometheus.goldragon.criome'...
building '/nix/store/6k9sz841nry4llx1a4p3bxpl14g3hdir-signal-introspect-test-1.0.0.drv' on 'ssh-ng://nix-ssh@prometheus.goldragon.criome'...
building '/nix/store/cnhbbjvs1yqmd19svdfkqjfjkrdz6x3a-signal-introspect-test-1.0.0.drv' on 'ssh-ng://nix-ssh@prometheus.goldragon.criome'...
copying 1 paths...
copying path '/nix/store/mpkvl2gkmxzdyx1ixl98h9sxm4vkh9s0-source' to 'ssh-ng://nix-ssh@prometheus.goldragon.criome'...
building '/nix/store/yi1g6ylda033i3h03b4aw92f0s0nxrkq-signal-introspect-clippy-1.0.0.drv'...
signal-introspect-clippy> Running phase: unpackPhase
signal-introspect-clippy> unpacking source archive /nix/store/mpkvl2gkmxzdyx1ixl98h9sxm4vkh9s0-source
signal-introspect-clippy> source root is source
signal-introspect-clippy> Running phase: patchPhase
signal-introspect-clippy> Executing configureCargoCommonVars
signal-introspect-clippy> decompressing cargo artifacts from /nix/store/rx6x9qkxjkgs1qc0l9g79f23hf94nby4-signal-introspect-deps-1.0.0/target.tar.zst to target
signal-introspect-clippy> Running phase: updateAutotoolsGnuConfigScriptsPhase
signal-introspect-clippy> Running phase: configurePhase
signal-introspect-clippy> will append /build/source/.cargo-home/config.toml with contents of /nix/store/0xp0khc87rgcc16801xi3fbmwaryy7sc-vendor-cargo-deps/config.toml
signal-introspect-clippy> default configurePhase, nothing to do
signal-introspect-clippy> Running phase: buildPhase
signal-introspect-clippy> +++ command cargo --version
signal-introspect-clippy> cargo 1.95.0 (f2d3ce0bd 2026-03-21)
signal-introspect-clippy> +++ command cargo clippy --release --locked --all-targets --all-features -- -D warnings
signal-introspect-clippy>     Checking protos v0.29.1 (https://github.com/LiGoldragon/protos?rev=b543678cfc8609529cea7174eb4af8a64daa54ad#b543678c)
signal-introspect-clippy>    Compiling signal-persona v1.0.0 (https://github.com/LiGoldragon/signal-persona.git?rev=740eb20f4850e26daeb48911a230b4aa4993f954#740eb20f)
signal-introspect-clippy>    Compiling signal-message v1.0.0 (https://github.com/LiGoldragon/signal-message.git?rev=178a5ef75584982bfd971aeb600310b530791e25#178a5ef7)
signal-introspect-clippy>    Compiling signal-introspect v1.0.0 (/build/source)
signal-introspect-clippy>     Checking datom-codec v0.25.6 (https://github.com/LiGoldragon/datom-codec?rev=f2cc06858d38a4028c928d33323a6d682e7c222f#f2cc0685)
building '/nix/store/33bb1xz5ll6apf9081v6fdvll5n6kywr-signal-introspect-fmt-1.0.0.drv'...
signal-introspect-fmt> cargoVendorDir not set, will not automatically configure vendored sources
signal-introspect-fmt> cargoArtifacts not set, will not reuse any cargo artifacts
signal-introspect-fmt> Running phase: unpackPhase
signal-introspect-fmt> unpacking source archive /nix/store/mpkvl2gkmxzdyx1ixl98h9sxm4vkh9s0-source
signal-introspect-fmt> source root is source
signal-introspect-fmt> Running phase: patchPhase
signal-introspect-fmt> Executing configureCargoCommonVars
signal-introspect-fmt> Running phase: updateAutotoolsGnuConfigScriptsPhase
signal-introspect-fmt> Running phase: configurePhase
signal-introspect-fmt> default configurePhase, nothing to do
signal-introspect-fmt> Running phase: buildPhase
signal-introspect-fmt> +++ command cargo --version
signal-introspect-fmt> cargo 1.95.0 (f2d3ce0bd 2026-03-21)
signal-introspect-fmt> +++ command cargo fmt -- --check
signal-introspect-fmt> Running phase: ensureTargetDir
signal-introspect-fmt> Running phase: installPhase
signal-introspect-fmt> no previous artifacts found, compressing and installing full archive of target to /nix/store/rpcwy3m74lvafinag68vnp79ggk0ylq8-signal-introspect-fmt-1.0.0/target.tar.zst
signal-introspect-fmt> /*stdin*\            :  0.72%   (  10.0 KiB =>     74 B, /nix/store/rpcwy3m74lvafinag68vnp79ggk0ylq8-signal-introspect-fmt-1.0.0/target.tar.zst)
signal-introspect-fmt> Running phase: fixupPhase
signal-introspect-fmt> shrinking RPATHs of ELF executables and libraries in /nix/store/rpcwy3m74lvafinag68vnp79ggk0ylq8-signal-introspect-fmt-1.0.0
signal-introspect-fmt> checking for references to /build/ in /nix/store/rpcwy3m74lvafinag68vnp79ggk0ylq8-signal-introspect-fmt-1.0.0...
building '/nix/store/0474js2waqd75966gny9kqxamrcgb41i-signal-introspect-test-1.0.0.drv'...
signal-introspect-test> Running phase: unpackPhase
signal-introspect-test> unpacking source archive /nix/store/mpkvl2gkmxzdyx1ixl98h9sxm4vkh9s0-source
signal-introspect-test> source root is source
signal-introspect-test> Running phase: patchPhase
signal-introspect-test> Executing configureCargoCommonVars
signal-introspect-test> decompressing cargo artifacts from /nix/store/rx6x9qkxjkgs1qc0l9g79f23hf94nby4-signal-introspect-deps-1.0.0/target.tar.zst to target
signal-introspect-test> Running phase: updateAutotoolsGnuConfigScriptsPhase
signal-introspect-test> Running phase: configurePhase
signal-introspect-test> will append /build/source/.cargo-home/config.toml with contents of /nix/store/0xp0khc87rgcc16801xi3fbmwaryy7sc-vendor-cargo-deps/config.toml
signal-introspect-test> default configurePhase, nothing to do
signal-introspect-test> Running phase: buildPhase
signal-introspect-test> +++ command cargo --version
signal-introspect-test> cargo 1.95.0 (f2d3ce0bd 2026-03-21)
signal-introspect-test> Running phase: checkPhase
signal-introspect-test> +++ command cargo test --release --locked
signal-introspect-test>    Compiling signal-introspect v1.0.0 (/build/source)
building '/nix/store/6k9sz841nry4llx1a4p3bxpl14g3hdir-signal-introspect-test-1.0.0.drv'...
signal-introspect-test> Running phase: unpackPhase
signal-introspect-test> unpacking source archive /nix/store/mpkvl2gkmxzdyx1ixl98h9sxm4vkh9s0-source
signal-introspect-test> source root is source
signal-introspect-test> Running phase: patchPhase
signal-introspect-test> Executing configureCargoCommonVars
signal-introspect-test> decompressing cargo artifacts from /nix/store/rx6x9qkxjkgs1qc0l9g79f23hf94nby4-signal-introspect-deps-1.0.0/target.tar.zst to target
signal-introspect-fmt> patching script interpreter paths in /nix/store/rpcwy3m74lvafinag68vnp79ggk0ylq8-signal-introspect-fmt-1.0.0
copying 1 paths...
copying path '/nix/store/rpcwy3m74lvafinag68vnp79ggk0ylq8-signal-introspect-fmt-1.0.0' from 'ssh-ng://nix-ssh@prometheus.goldragon.criome'...
building '/nix/store/hiymz4lkna0gm8qg8qai1qrddw9vxnyy-signal-introspect-build-1.0.0.drv'...
signal-introspect-build> Running phase: unpackPhase
signal-introspect-build> unpacking source archive /nix/store/mpkvl2gkmxzdyx1ixl98h9sxm4vkh9s0-source
signal-introspect-build> source root is source
signal-introspect-build> Running phase: patchPhase
signal-introspect-build> Executing configureCargoCommonVars
signal-introspect-build> decompressing cargo artifacts from /nix/store/rx6x9qkxjkgs1qc0l9g79f23hf94nby4-signal-introspect-deps-1.0.0/target.tar.zst to target
signal-introspect-build> Running phase: updateAutotoolsGnuConfigScriptsPhase
signal-introspect-build> Running phase: configurePhase
signal-introspect-build> will append /build/source/.cargo-home/config.toml with contents of /nix/store/0xp0khc87rgcc16801xi3fbmwaryy7sc-vendor-cargo-deps/config.toml
signal-introspect-build> default configurePhase, nothing to do
signal-introspect-build> Running phase: buildPhase
signal-introspect-build> +++ command cargo --version
signal-introspect-build> cargo 1.95.0 (f2d3ce0bd 2026-03-21)
signal-introspect-build> +++ command cargo build --release --locked
signal-introspect-build>    Compiling signal-introspect v1.0.0 (/build/source)
signal-introspect-test> Running phase: updateAutotoolsGnuConfigScriptsPhase
building '/nix/store/cnhbbjvs1yqmd19svdfkqjfjkrdz6x3a-signal-introspect-test-1.0.0.drv'...
signal-introspect-test> Running phase: configurePhase
signal-introspect-test> will append /build/source/.cargo-home/config.toml with contents of /nix/store/0xp0khc87rgcc16801xi3fbmwaryy7sc-vendor-cargo-deps/config.toml
signal-introspect-test> default configurePhase, nothing to do
signal-introspect-test> Running phase: buildPhase
signal-introspect-test> +++ command cargo --version
signal-introspect-test> cargo 1.95.0 (f2d3ce0bd 2026-03-21)
signal-introspect-test> Running phase: checkPhase
signal-introspect-test> +++ command cargo test --release --locked --test generated_contract
signal-introspect-test> Running phase: unpackPhase
signal-introspect-test> unpacking source archive /nix/store/mpkvl2gkmxzdyx1ixl98h9sxm4vkh9s0-source
signal-introspect-test> source root is source
signal-introspect-test> Running phase: patchPhase
signal-introspect-test> Executing configureCargoCommonVars
signal-introspect-test>    Compiling signal-introspect v1.0.0 (/build/source)
signal-introspect-test> decompressing cargo artifacts from /nix/store/rx6x9qkxjkgs1qc0l9g79f23hf94nby4-signal-introspect-deps-1.0.0/target.tar.zst to target
signal-introspect-test> Running phase: updateAutotoolsGnuConfigScriptsPhase
signal-introspect-test> Running phase: configurePhase
signal-introspect-test> will append /build/source/.cargo-home/config.toml with contents of /nix/store/0xp0khc87rgcc16801xi3fbmwaryy7sc-vendor-cargo-deps/config.toml
signal-introspect-test> default configurePhase, nothing to do
signal-introspect-test> Running phase: buildPhase
signal-introspect-test> +++ command cargo --version
signal-introspect-test> cargo 1.95.0 (f2d3ce0bd 2026-03-21)
signal-introspect-test> Running phase: checkPhase
signal-introspect-test> +++ command cargo test --release --locked --features datom --test generated_contract
signal-introspect-test>    Compiling protos v0.29.1 (https://github.com/LiGoldragon/protos?rev=b543678cfc8609529cea7174eb4af8a64daa54ad#b543678c)
signal-introspect-test>    Compiling signal-message v1.0.0 (https://github.com/LiGoldragon/signal-message.git?rev=178a5ef75584982bfd971aeb600310b530791e25#178a5ef7)
signal-introspect-test>    Compiling signal-persona v1.0.0 (https://github.com/LiGoldragon/signal-persona.git?rev=740eb20f4850e26daeb48911a230b4aa4993f954#740eb20f)
signal-introspect-test>    Compiling signal-introspect v1.0.0 (/build/source)
signal-introspect-test>    Compiling datom-codec v0.25.6 (https://github.com/LiGoldragon/datom-codec?rev=f2cc06858d38a4028c928d33323a6d682e7c222f#f2cc0685)
signal-introspect-build>     Finished `release` profile [optimized] target(s) in 1.23s
signal-introspect-build> Running phase: installPhase
signal-introspect-build> linking previous artifacts /nix/store/rx6x9qkxjkgs1qc0l9g79f23hf94nby4-signal-introspect-deps-1.0.0/target.tar.zst to /nix/store/g9ib5q1g5wysra7d75j16cak7b4hjrvy-signal-introspect-build-1.0.0/target.tar.zst
signal-introspect-build> /*stdin*\            : 22.83%   (  7.45 MiB =>   1.70 MiB, /nix/store/g9ib5q1g5wysra7d75j16cak7b4hjrvy-signal-introspect-build-1.0.0/target.tar.zst)
signal-introspect-build> Running phase: fixupPhase
signal-introspect-build> shrinking RPATHs of ELF executables and libraries in /nix/store/g9ib5q1g5wysra7d75j16cak7b4hjrvy-signal-introspect-build-1.0.0
signal-introspect-build> checking for references to /build/ in /nix/store/g9ib5q1g5wysra7d75j16cak7b4hjrvy-signal-introspect-build-1.0.0...
signal-introspect-build> patching script interpreter paths in /nix/store/g9ib5q1g5wysra7d75j16cak7b4hjrvy-signal-introspect-build-1.0.0
copying 1 paths...
copying path '/nix/store/g9ib5q1g5wysra7d75j16cak7b4hjrvy-signal-introspect-build-1.0.0' from 'ssh-ng://nix-ssh@prometheus.goldragon.criome'...
signal-introspect-test>     Finished `release` profile [optimized] target(s) in 1.21s
signal-introspect-test>      Running unittests src/lib.rs (target/release/deps/signal_introspect-d99e52bdfc08dc0f)
signal-introspect-test> 
signal-introspect-test> running 0 tests
signal-introspect-test> 
signal-introspect-test> test result: ok. 0 passed; 0 failed; 0 ignored; 0 measured; 0 filtered out; finished in 0.00s
signal-introspect-test> 
signal-introspect-test>      Running tests/generated_contract.rs (target/release/deps/generated_contract-54f5d4866da6af30)
signal-introspect-test> 
signal-introspect-test> running 3 tests
signal-introspect-test> test component_trace_event_restores_from_fresh_peer_bytes ... ok
signal-introspect-test> test malformed_signal_is_rejected ... ok
signal-introspect-test> test typed_binary_trace_contract_round_trips_fresh_peer_bytes ... ok
signal-introspect-test> 
signal-introspect-test> test result: ok. 3 passed; 0 failed; 0 ignored; 0 measured; 0 filtered out; finished in 0.00s
signal-introspect-test> 
signal-introspect-test>    Doc-tests signal_introspect
signal-introspect-clippy>     Finished `release` profile [optimized] target(s) in 1.81s
signal-introspect-clippy> Running phase: installPhase
signal-introspect-test> 
signal-introspect-test> running 0 tests
signal-introspect-test> 
signal-introspect-test> test result: ok. 0 passed; 0 failed; 0 ignored; 0 measured; 0 filtered out; finished in 0.00s
signal-introspect-test> 
signal-introspect-test> Running phase: installPhase
signal-introspect-clippy> linking previous artifacts /nix/store/rx6x9qkxjkgs1qc0l9g79f23hf94nby4-signal-introspect-deps-1.0.0/target.tar.zst to /nix/store/q7rprfz9j2q9w5mh1w2ndm1kwhb1bzrr-signal-introspect-clippy-1.0.0/target.tar.zst
signal-introspect-test> linking previous artifacts /nix/store/rx6x9qkxjkgs1qc0l9g79f23hf94nby4-signal-introspect-deps-1.0.0/target.tar.zst to /nix/store/cwb6cgihkicyjxc9lxmwyfk2b7djplck-signal-introspect-test-1.0.0/target.tar.zst
signal-introspect-test> /*stdin*\            : 26.76%   (  9.56 MiB =>   2.56 MiB, /nix/store/cwb6cgihkicyjxc9lxmwyfk2b7djplck-signal-introspect-test-1.0.0/target.tar.zst)
signal-introspect-test>     Finished `release` profile [optimized] target(s) in 1.19s
signal-introspect-clippy> /*stdin*\            : 30.24%   (  14.0 MiB =>   4.24 MiB, /nix/store/q7rprfz9j2q9w5mh1w2ndm1kwhb1bzrr-signal-introspect-clippy-1.0.0/target.tar.zst)
signal-introspect-test>      Running tests/generated_contract.rs (target/release/deps/generated_contract-54f5d4866da6af30)
signal-introspect-test> Running phase: fixupPhase
signal-introspect-test> 
signal-introspect-test> running 3 tests
signal-introspect-test> test malformed_signal_is_rejected ... ok
signal-introspect-test> test typed_binary_trace_contract_round_trips_fresh_peer_bytes ... ok
signal-introspect-test> test component_trace_event_restores_from_fresh_peer_bytes ... ok
signal-introspect-test> 
signal-introspect-test> test result: ok. 3 passed; 0 failed; 0 ignored; 0 measured; 0 filtered out; finished in 0.00s
signal-introspect-test> 
signal-introspect-clippy> Running phase: fixupPhase
signal-introspect-test> Running phase: installPhase
signal-introspect-test> shrinking RPATHs of ELF executables and libraries in /nix/store/cwb6cgihkicyjxc9lxmwyfk2b7djplck-signal-introspect-test-1.0.0
signal-introspect-clippy> shrinking RPATHs of ELF executables and libraries in /nix/store/q7rprfz9j2q9w5mh1w2ndm1kwhb1bzrr-signal-introspect-clippy-1.0.0
signal-introspect-clippy> checking for references to /build/ in /nix/store/q7rprfz9j2q9w5mh1w2ndm1kwhb1bzrr-signal-introspect-clippy-1.0.0...
signal-introspect-test> checking for references to /build/ in /nix/store/cwb6cgihkicyjxc9lxmwyfk2b7djplck-signal-introspect-test-1.0.0...
signal-introspect-test> linking previous artifacts /nix/store/rx6x9qkxjkgs1qc0l9g79f23hf94nby4-signal-introspect-deps-1.0.0/target.tar.zst to /nix/store/0m2blm208bzfxj91fyiffqmpzhqhhsm5-signal-introspect-test-1.0.0/target.tar.zst
signal-introspect-test> patching script interpreter paths in /nix/store/cwb6cgihkicyjxc9lxmwyfk2b7djplck-signal-introspect-test-1.0.0
signal-introspect-clippy> patching script interpreter paths in /nix/store/q7rprfz9j2q9w5mh1w2ndm1kwhb1bzrr-signal-introspect-clippy-1.0.0
signal-introspect-test> /*stdin*\            : 24.82%   (  8.55 MiB =>   2.12 MiB, /nix/store/0m2blm208bzfxj91fyiffqmpzhqhhsm5-signal-introspect-test-1.0.0/target.tar.zst)
signal-introspect-test> Running phase: fixupPhase
signal-introspect-test> shrinking RPATHs of ELF executables and libraries in /nix/store/0m2blm208bzfxj91fyiffqmpzhqhhsm5-signal-introspect-test-1.0.0
signal-introspect-test> checking for references to /build/ in /nix/store/0m2blm208bzfxj91fyiffqmpzhqhhsm5-signal-introspect-test-1.0.0...
signal-introspect-test> patching script interpreter paths in /nix/store/0m2blm208bzfxj91fyiffqmpzhqhhsm5-signal-introspect-test-1.0.0
copying 1 paths...
copying 1 paths...
copying path '/nix/store/cwb6cgihkicyjxc9lxmwyfk2b7djplck-signal-introspect-test-1.0.0' from 'ssh-ng://nix-ssh@prometheus.goldragon.criome'...
copying path '/nix/store/q7rprfz9j2q9w5mh1w2ndm1kwhb1bzrr-signal-introspect-clippy-1.0.0' from 'ssh-ng://nix-ssh@prometheus.goldragon.criome'...
copying 1 paths...
copying path '/nix/store/0m2blm208bzfxj91fyiffqmpzhqhhsm5-signal-introspect-test-1.0.0' from 'ssh-ng://nix-ssh@prometheus.goldragon.criome'...
signal-introspect-test>     Finished `release` profile [optimized] target(s) in 2.74s
signal-introspect-test>      Running tests/generated_contract.rs (target/release/deps/generated_contract-92525bf46368b445)
signal-introspect-test> 
signal-introspect-test> running 4 tests
signal-introspect-test> test typed_binary_trace_contract_round_trips_fresh_peer_bytes ... ok
signal-introspect-test> test component_trace_event_restores_from_fresh_peer_bytes ... ok
signal-introspect-test> test datom_round_trip_preserves_trace_query ... ok
signal-introspect-test> test malformed_signal_is_rejected ... ok
signal-introspect-test> 
signal-introspect-test> test result: ok. 4 passed; 0 failed; 0 ignored; 0 measured; 0 filtered out; finished in 0.00s
signal-introspect-test> 
signal-introspect-test> Running phase: installPhase
signal-introspect-test> linking previous artifacts /nix/store/rx6x9qkxjkgs1qc0l9g79f23hf94nby4-signal-introspect-deps-1.0.0/target.tar.zst to /nix/store/a7rh4rdjjkqqy6m8an3qzm875rjdnvi8-signal-introspect-test-1.0.0/target.tar.zst
signal-introspect-test> /*stdin*\            : 30.06%   (  24.4 MiB =>   7.34 MiB, /nix/store/a7rh4rdjjkqqy6m8an3qzm875rjdnvi8-signal-introspect-test-1.0.0/target.tar.zst)
signal-introspect-test> Running phase: fixupPhase
signal-introspect-test> shrinking RPATHs of ELF executables and libraries in /nix/store/a7rh4rdjjkqqy6m8an3qzm875rjdnvi8-signal-introspect-test-1.0.0
signal-introspect-test> checking for references to /build/ in /nix/store/a7rh4rdjjkqqy6m8an3qzm875rjdnvi8-signal-introspect-test-1.0.0...
signal-introspect-test> patching script interpreter paths in /nix/store/a7rh4rdjjkqqy6m8an3qzm875rjdnvi8-signal-introspect-test-1.0.0
copying 1 paths...
copying path '/nix/store/a7rh4rdjjkqqy6m8an3qzm875rjdnvi8-signal-introspect-test-1.0.0' from 'ssh-ng://nix-ssh@prometheus.goldragon.criome'...
all checks passed!
warning: The check omitted these incompatible systems: aarch64-darwin, aarch64-linux, x86_64-darwin
Use '--all-systems' to check all.
